<html>
<body>
<pre>
<h1>µVision Build Log</h1>
<h2>Project:</h2>
C:\Users\Naomi\Documents\Keil\Labware\CECS490_VCNL4010\VCNL4010main.c
Project File Date:  10/26/2020

<h2>Output:</h2>
Rebuild target 'VCNL4010_Project'
assembling startup_TM4C123.s...
compiling __proximity_driver.c...
compiling i2c_prox.c...
compiling main.c...
compiling VCNL4010main.c...
linking...
Program Size: Code=1860 RO-data=652 RW-data=20 ZI-data=612  
".\VCNL4010main.axf" - 0 Error(s), 0 Warning(s).
Load "C:\\Users\\Naomi\\Documents\\Keil\\Labware\\CECS490_VCNL4010\\VCNL4010main.axf" 
Connecting: Mode=JTAG, Speed=1000000Hz
Erase Done.
Programming Done.
Verify OK.
