<html>
<body>
<pre>
<h1>µVision Build Log</h1>
<h2>Project:</h2>
D:\Desktop\CECS 490A\ultrasonic sensor test code\ultrasonic sensor test code.uvproj
Project File Date:  09/30/2020

<h2>Output:</h2>
*** Note: Rebuilding project, since 'Options->Output->Create Batch File' is selected.
Rebuild target 'Target 1'
compiling ultrasonic sensor test code.c...
assembling startup_TM4C123.s...
compiling ST7735.c...
linking...
Program Size: Code=5888 RO-data=2052 RW-data=60 ZI-data=1132  
".\ultrasonic sensor test code.axf" - 0 Error(s), 0 Warning(s).
